[debug] [2026-03-10T17:41:51.119Z] ----------------------------------------------------------------------
[debug] [2026-03-10T17:41:51.123Z] Command:       /Users/macbook/.nvm/versions/node/v16.20.2/bin/node /Users/macbook/.nvm/versions/node/v16.20.2/bin/firebase deploy --only functions
[debug] [2026-03-10T17:41:51.124Z] CLI Version:   12.9.1
[debug] [2026-03-10T17:41:51.124Z] Platform:      darwin
[debug] [2026-03-10T17:41:51.125Z] Node Version:  v16.20.2
[debug] [2026-03-10T17:41:51.126Z] Time:          Tue Mar 10 2026 18:41:51 GMT+0100 (West Africa Standard Time)
[debug] [2026-03-10T17:41:51.127Z] ----------------------------------------------------------------------
[debug] 
[debug] [2026-03-10T17:41:51.281Z] > command requires scopes: ["email","openid","https://www.googleapis.com/auth/cloudplatformprojects.readonly","https://www.googleapis.com/auth/firebase","https://www.googleapis.com/auth/cloud-platform"]
[debug] [2026-03-10T17:41:51.281Z] > authorizing via signed-in user (graceolajide17@gmail.com)
[debug] [2026-03-10T17:41:51.282Z] [iam] checking project react-data-474d8 for permissions ["cloudfunctions.functions.create","cloudfunctions.functions.delete","cloudfunctions.functions.get","cloudfunctions.functions.list","cloudfunctions.functions.update","cloudfunctions.operations.get","firebase.projects.get"]
[debug] [2026-03-10T17:41:51.286Z] >>> [apiv2][query] POST https://cloudresourcemanager.googleapis.com/v1/projects/react-data-474d8:testIamPermissions [none]
[debug] [2026-03-10T17:41:51.286Z] >>> [apiv2][(partial)header] POST https://cloudresourcemanager.googleapis.com/v1/projects/react-data-474d8:testIamPermissions x-goog-quota-user=projects/react-data-474d8
[debug] [2026-03-10T17:41:51.287Z] >>> [apiv2][body] POST https://cloudresourcemanager.googleapis.com/v1/projects/react-data-474d8:testIamPermissions {"permissions":["cloudfunctions.functions.create","cloudfunctions.functions.delete","cloudfunctions.functions.get","cloudfunctions.functions.list","cloudfunctions.functions.update","cloudfunctions.operations.get","firebase.projects.get"]}
[debug] [2026-03-10T17:42:21.328Z] *** [apiv2] error from fetch(https://cloudresourcemanager.googleapis.com/v1/projects/react-data-474d8:testIamPermissions, {"headers":{},"method":"POST","body":"{\"permissions\":[\"cloudfunctions.functions.create\",\"cloudfunctions.functions.delete\",\"cloudfunctions.functions.get\",\"cloudfunctions.functions.list\",\"cloudfunctions.functions.update\",\"cloudfunctions.operations.get\",\"firebase.projects.get\"]}"}): FetchError: request to https://cloudresourcemanager.googleapis.com/v1/projects/react-data-474d8:testIamPermissions failed, reason: getaddrinfo ENOTFOUND cloudresourcemanager.googleapis.com
[debug] [2026-03-10T17:42:21.329Z] [iam] error while checking permissions, command may fail: FirebaseError: Failed to make request to https://cloudresourcemanager.googleapis.com/v1/projects/react-data-474d8:testIamPermissions
[debug] [2026-03-10T17:42:21.330Z] >>> [apiv2][query] POST https://iam.googleapis.com/v1/projects/react-data-474d8/serviceAccounts/react-data-474d8@appspot.gserviceaccount.com:testIamPermissions [none]
[debug] [2026-03-10T17:42:21.330Z] >>> [apiv2][body] POST https://iam.googleapis.com/v1/projects/react-data-474d8/serviceAccounts/react-data-474d8@appspot.gserviceaccount.com:testIamPermissions {"permissions":["iam.serviceAccounts.actAs"]}
[debug] [2026-03-10T17:42:38.010Z] *** [apiv2] error from fetch(https://iam.googleapis.com/v1/projects/react-data-474d8/serviceAccounts/react-data-474d8@appspot.gserviceaccount.com:testIamPermissions, {"headers":{},"method":"POST","body":"{\"permissions\":[\"iam.serviceAccounts.actAs\"]}"}): FetchError: request to https://iam.googleapis.com/v1/projects/react-data-474d8/serviceAccounts/react-data-474d8@appspot.gserviceaccount.com:testIamPermissions failed, reason: Client network socket disconnected before secure TLS connection was established
[debug] [2026-03-10T17:42:38.020Z] [functions] service account IAM check errored, deploy may fail: Failed to make request to https://iam.googleapis.com/v1/projects/react-data-474d8/serviceAccounts/react-data-474d8@appspot.gserviceaccount.com:testIamPermissions {"name":"FirebaseError","children":[],"exit":1,"message":"Failed to make request to https://iam.googleapis.com/v1/projects/react-data-474d8/serviceAccounts/react-data-474d8@appspot.gserviceaccount.com:testIamPermissions","original":{"message":"request to https://iam.googleapis.com/v1/projects/react-data-474d8/serviceAccounts/react-data-474d8@appspot.gserviceaccount.com:testIamPermissions failed, reason: Client network socket disconnected before secure TLS connection was established","type":"system","errno":"ECONNRESET","code":"ECONNRESET"},"status":500}
[info] 
[info] === Deploying to 'react-data-474d8'...
[info] 
[info] i  deploying functions 
[info] Running command: npm --prefix "$RESOURCE_DIR" run build
[debug] [2026-03-10T17:42:46.780Z] Error: Timed out.
    at Timeout._onTimeout (/Users/macbook/.nvm/versions/node/v16.20.2/lib/node_modules/firebase-tools/lib/utils.js:254:49)
    at listOnTimeout (node:internal/timers:559:17)
    at processTimers (node:internal/timers:502:7)
[error] 
[error] Error: An unexpected error has occurred.
